Archive member included to satisfy reference by file (symbol)

C:/ST/STM32CubeIDE_1.14.0/STM32CubeIDE/plugins/com.st.stm32cube.ide.mcu.externaltools.gnu-tools-for-stm32.11.3.rel1.win32_1.1.100.202309141235/tools/bin/../lib/gcc/arm-none-eabi/11.3.1/../../../../arm-none-eabi/lib/thumb/v7-m/nofp\libc_nano.a(libc_a-exit.o)
                              C:/ST/STM32CubeIDE_1.14.0/STM32CubeIDE/plugins/com.st.stm32cube.ide.mcu.externaltools.gnu-tools-for-stm32.11.3.rel1.win32_1.1.100.202309141235/tools/bin/../lib/gcc/arm-none-eabi/11.3.1/../../../../arm-none-eabi/lib/thumb/v7-m/nofp/crt0.o (exit)
C:/ST/STM32CubeIDE_1.14.0/STM32CubeIDE/plugins/com.st.stm32cube.ide.mcu.externaltools.gnu-tools-for-stm32.11.3.rel1.win32_1.1.100.202309141235/tools/bin/../lib/gcc/arm-none-eabi/11.3.1/../../../../arm-none-eabi/lib/thumb/v7-m/nofp\libc_nano.a(libc_a-findfp.o)
                              C:/ST/STM32CubeIDE_1.14.0/STM32CubeIDE/plugins/com.st.stm32cube.ide.mcu.externaltools.gnu-tools-for-stm32.11.3.rel1.win32_1.1.100.202309141235/tools/bin/../lib/gcc/arm-none-eabi/11.3.1/../../../../arm-none-eabi/lib/thumb/v7-m/nofp\libc_nano.a(libc_a-exit.o) (__stdio_exit_handler)
C:/ST/STM32CubeIDE_1.14.0/STM32CubeIDE/plugins/com.st.stm32cube.ide.mcu.externaltools.gnu-tools-for-stm32.11.3.rel1.win32_1.1.100.202309141235/tools/bin/../lib/gcc/arm-none-eabi/11.3.1/../../../../arm-none-eabi/lib/thumb/v7-m/nofp\libc_nano.a(libc_a-fwalk.o)
                              C:/ST/STM32CubeIDE_1.14.0/STM32CubeIDE/plugins/com.st.stm32cube.ide.mcu.externaltools.gnu-tools-for-stm32.11.3.rel1.win32_1.1.100.202309141235/tools/bin/../lib/gcc/arm-none-eabi/11.3.1/../../../../arm-none-eabi/lib/thumb/v7-m/nofp\libc_nano.a(libc_a-findfp.o) (_fwalk_sglue)
C:/ST/STM32CubeIDE_1.14.0/STM32CubeIDE/plugins/com.st.stm32cube.ide.mcu.externaltools.gnu-tools-for-stm32.11.3.rel1.win32_1.1.100.202309141235/tools/bin/../lib/gcc/arm-none-eabi/11.3.1/../../../../arm-none-eabi/lib/thumb/v7-m/nofp\libc_nano.a(libc_a-stdio.o)
                              C:/ST/STM32CubeIDE_1.14.0/STM32CubeIDE/plugins/com.st.stm32cube.ide.mcu.externaltools.gnu-tools-for-stm32.11.3.rel1.win32_1.1.100.202309141235/tools/bin/../lib/gcc/arm-none-eabi/11.3.1/../../../../arm-none-eabi/lib/thumb/v7-m/nofp\libc_nano.a(libc_a-findfp.o) (__sread)
C:/ST/STM32CubeIDE_1.14.0/STM32CubeIDE/plugins/com.st.stm32cube.ide.mcu.externaltools.gnu-tools-for-stm32.11.3.rel1.win32_1.1.100.202309141235/tools/bin/../lib/gcc/arm-none-eabi/11.3.1/../../../../arm-none-eabi/lib/thumb/v7-m/nofp\libc_nano.a(libc_a-memset.o)
                              C:/ST/STM32CubeIDE_1.14.0/STM32CubeIDE/plugins/com.st.stm32cube.ide.mcu.externaltools.gnu-tools-for-stm32.11.3.rel1.win32_1.1.100.202309141235/tools/bin/../lib/gcc/arm-none-eabi/11.3.1/../../../../arm-none-eabi/lib/thumb/v7-m/nofp/crt0.o (memset)
C:/ST/STM32CubeIDE_1.14.0/STM32CubeIDE/plugins/com.st.stm32cube.ide.mcu.externaltools.gnu-tools-for-stm32.11.3.rel1.win32_1.1.100.202309141235/tools/bin/../lib/gcc/arm-none-eabi/11.3.1/../../../../arm-none-eabi/lib/thumb/v7-m/nofp\libc_nano.a(libc_a-closer.o)
                              C:/ST/STM32CubeIDE_1.14.0/STM32CubeIDE/plugins/com.st.stm32cube.ide.mcu.externaltools.gnu-tools-for-stm32.11.3.rel1.win32_1.1.100.202309141235/tools/bin/../lib/gcc/arm-none-eabi/11.3.1/../../../../arm-none-eabi/lib/thumb/v7-m/nofp\libc_nano.a(libc_a-stdio.o) (_close_r)
C:/ST/STM32CubeIDE_1.14.0/STM32CubeIDE/plugins/com.st.stm32cube.ide.mcu.externaltools.gnu-tools-for-stm32.11.3.rel1.win32_1.1.100.202309141235/tools/bin/../lib/gcc/arm-none-eabi/11.3.1/../../../../arm-none-eabi/lib/thumb/v7-m/nofp\libc_nano.a(libc_a-reent.o)
                              C:/ST/STM32CubeIDE_1.14.0/STM32CubeIDE/plugins/com.st.stm32cube.ide.mcu.externaltools.gnu-tools-for-stm32.11.3.rel1.win32_1.1.100.202309141235/tools/bin/../lib/gcc/arm-none-eabi/11.3.1/../../../../arm-none-eabi/lib/thumb/v7-m/nofp\libc_nano.a(libc_a-closer.o) (errno)
C:/ST/STM32CubeIDE_1.14.0/STM32CubeIDE/plugins/com.st.stm32cube.ide.mcu.externaltools.gnu-tools-for-stm32.11.3.rel1.win32_1.1.100.202309141235/tools/bin/../lib/gcc/arm-none-eabi/11.3.1/../../../../arm-none-eabi/lib/thumb/v7-m/nofp\libc_nano.a(libc_a-impure.o)
                              C:/ST/STM32CubeIDE_1.14.0/STM32CubeIDE/plugins/com.st.stm32cube.ide.mcu.externaltools.gnu-tools-for-stm32.11.3.rel1.win32_1.1.100.202309141235/tools/bin/../lib/gcc/arm-none-eabi/11.3.1/../../../../arm-none-eabi/lib/thumb/v7-m/nofp\libc_nano.a(libc_a-reent.o) (_impure_ptr)
C:/ST/STM32CubeIDE_1.14.0/STM32CubeIDE/plugins/com.st.stm32cube.ide.mcu.externaltools.gnu-tools-for-stm32.11.3.rel1.win32_1.1.100.202309141235/tools/bin/../lib/gcc/arm-none-eabi/11.3.1/../../../../arm-none-eabi/lib/thumb/v7-m/nofp\libc_nano.a(libc_a-lseekr.o)
[...]
Memory Configuration

Name             Origin             Length             Attributes
RAM              0x0000000020000000 0x0000000000005000 xrw
FLASH            0x0000000008000000 0x0000000000010000 xr
*default*        0x0000000000000000 0xffffffffffffffff

Linker script and memory map

LOAD C:/ST/STM32CubeIDE_1.14.0/STM32CubeIDE/plugins/com.st.stm32cube.ide.mcu.externaltools.gnu-tools-for-stm32.11.3.rel1.win32_1.1.100.202309141235/tools/bin/../lib/gcc/arm-none-eabi/11.3.1/thumb/v7-m/nofp/crti.o
LOAD C:/ST/STM32CubeIDE_1.14.0/STM32CubeIDE/plugins/com.st.stm32cube.ide.mcu.externaltools.gnu-tools-for-stm32.11.3.rel1.win32_1.1.100.202309141235/tools/bin/../lib/gcc/arm-none-eabi/11.3.1/thumb/v7-m/nofp/crtbegin.o
LOAD C:/ST/STM32CubeIDE_1.14.0/STM32CubeIDE/plugins/com.st.stm32cube.ide.mcu.externaltools.gnu-tools-for-stm32.11.3.rel1.win32_1.1.100.202309141235/tools/bin/../lib/gcc/arm-none-eabi/11.3.1/../../../../arm-none-eabi/lib/thumb/v7-m/nofp/crt0.o
LOAD ./Core/Src/Park.o
LOAD ./Core/Src/Sensor.o
LOAD ./Core/Src/lcd.o
LOAD ./Core/Src/main.o
LOAD ./Core/Src/stm32f1xx_hal_msp.o
LOAD ./Core/Src/stm32f1xx_it.o
LOAD ./Core/Src/syscalls.o
LOAD ./Core/Src/sysmem.o
LOAD ./Core/Src/system_stm32f1xx.o
LOAD ./Core/Startup/startup_stm32f103c8tx.o
LOAD ./Drivers/STM32F1xx_HAL_Driver/Src/stm32f1xx_hal.o
LOAD ./Drivers/STM32F1xx_HAL_Driver/Src/stm32f1xx_hal_cortex.o
LOAD ./Drivers/STM32F1xx_HAL_Driver/Src/stm32f1xx_hal_dma.o
LOAD ./Drivers/STM32F1xx_HAL_Driver/Src/stm32f1xx_hal_exti.o
LOAD ./Drivers/STM32F1xx_HAL_Driver/Src/stm32f1xx_hal_flash.o
LOAD ./Drivers/STM32F1xx_HAL_Driver/Src/stm32f1xx_hal_flash_ex.o
LOAD ./Drivers/STM32F1xx_HAL_Driver/Src/stm32f1xx_hal_gpio.o
LOAD ./Drivers/STM32F1xx_HAL_Driver/Src/stm32f1xx_hal_gpio_ex.o
LOAD ./Drivers/STM32F1xx_HAL_Driver/Src/stm32f1xx_hal_pwr.o
LOAD ./Drivers/STM32F1xx_HAL_Driver/Src/stm32f1xx_hal_rcc.o
LOAD ./Drivers/STM32F1xx_HAL_Driver/Src/stm32f1xx_hal_rcc_ex.o
LOAD ./Drivers/STM32F1xx_HAL_Driver/Src/stm32f1xx_hal_tim.o
LOAD ./Drivers/STM32F1xx_HAL_Driver/Src/stm32f1xx_hal_tim_ex.o
LOAD ./Drivers/STM32F1xx_HAL_Driver/Src/stm32f1xx_hal_uart.o
START GROUP
LOAD C:/ST/STM32CubeIDE_1.14.0/STM32CubeIDE/plugins/com.st.stm32cube.ide.mcu.externaltools.gnu-tools-for-stm32.11.3.rel1.win32_1.1.100.202309141235/tools/bin/../lib/gcc/arm-none-eabi/11.3.1/../../../../arm-none-eabi/lib/thumb/v7-m/nofp\libc_nano.a
LOAD C:/ST/STM32CubeIDE_1.14.0/STM32CubeIDE/plugins/com.st.stm32cube.ide.mcu.externaltools.gnu-tools-for-stm32.11.3.rel1.win32_1.1.100.202309141235/tools/bin/../lib/gcc/arm-none-eabi/11.3.1/../../../../arm-none-eabi/lib/thumb/v7-m/nofp\libm.a
END GROUP
START GROUP
LOAD C:/ST/STM32CubeIDE_1.14.0/STM32CubeIDE/plugins/com.st.stm32cube.ide.mcu.externaltools.gnu-tools-for-stm32.11.3.rel1.win32_1.1.100.202309141235/tools/bin/../lib/gcc/arm-none-eabi/11.3.1/thumb/v7-m/nofp\libgcc.a
LOAD C:/ST/STM32CubeIDE_1.14.0/STM32CubeIDE/plugins/com.st.stm32cube.ide.mcu.externaltools.gnu-tools-for-stm32.11.3.rel1.win32_1.1.100.202309141235/tools/bin/../lib/gcc/arm-none-eabi/11.3.1/../../../../arm-none-eabi/lib/thumb/v7-m/nofp\libc_nano.a
END GROUP
START GROUP
LOAD C:/ST/STM32CubeIDE_1.14.0/STM32CubeIDE/plugins/com.st.stm32cube.ide.mcu.externaltools.gnu-tools-for-stm32.11.3.rel1.win32_1.1.100.202309141235/tools/bin/../lib/gcc/arm-none-eabi/11.3.1/thumb/v7-m/nofp\libgcc.a
LOAD C:/ST/STM32CubeIDE_1.14.0/STM32CubeIDE/plugins/com.st.stm32cube.ide.mcu.externaltools.gnu-tools-for-stm32.11.3.rel1.win32_1.1.100.202309141235/tools/bin/../lib/gcc/arm-none-eabi/11.3.1/../../../../arm-none-eabi/lib/thumb/v7-m/nofp\libc_nano.a
LOAD C:/ST/STM32CubeIDE_1.14.0/STM32CubeIDE/plugins/com.st.stm32cube.ide.mcu.externaltools.gnu-tools-for-stm32.11.3.rel1.win32_1.1.100.202309141235/tools/bin/../lib/gcc/arm-none-eabi/11.3.1/../../../../arm-none-eabi/lib/thumb/v7-m/nofp\libnosys.a
END GROUP
START GROUP
LOAD C:/ST/STM32CubeIDE_1.14.0/STM32CubeIDE/plugins/com.st.stm32cube.ide.mcu.externaltools.gnu-tools-for-stm32.11.3.rel1.win32_1.1.100.202309141235/tools/bin/../lib/gcc/arm-none-eabi/11.3.1/thumb/v7-m/nofp\libgcc.a
LOAD C:/ST/STM32CubeIDE_1.14.0/STM32CubeIDE/plugins/com.st.stm32cube.ide.mcu.externaltools.gnu-tools-for-stm32.11.3.rel1.win32_1.1.100.202309141235/tools/bin/../lib/gcc/arm-none-eabi/11.3.1/../../../../arm-none-eabi/lib/thumb/v7-m/nofp\libc_nano.a
LOAD C:/ST/STM32CubeIDE_1.14.0/STM32CubeIDE/plugins/com.st.stm32cube.ide.mcu.externaltools.gnu-tools-for-stm32.11.3.rel1.win32_1.1.100.202309141235/tools/bin/../lib/gcc/arm-none-eabi/11.3.1/../../../../arm-none-eabi/lib/thumb/v7-m/nofp\libnosys.a
END GROUP
LOAD C:/ST/STM32CubeIDE_1.14.0/STM32CubeIDE/plugins/com.st.stm32cube.ide.mcu.externaltools.gnu-tools-for-stm32.11.3.rel1.win32_1.1.100.202309141235/tools/bin/../lib/gcc/arm-none-eabi/11.3.1/thumb/v7-m/nofp/crtend.o
LOAD C:/ST/STM32CubeIDE_1.14.0/STM32CubeIDE/plugins/com.st.stm32cube.ide.mcu.externaltools.gnu-tools-for-stm32.11.3.rel1.win32_1.1.100.202309141235/tools/bin/../lib/gcc/arm-none-eabi/11.3.1/thumb/v7-m/nofp/crtn.o
                0x0000000020005000                _estack = (ORIGIN (RAM) + LENGTH (RAM))
                0x0000000000000200                _Min_Heap_Size = 0x200
                0x0000000000000400                _Min_Stack_Size = 0x400

.isr_vector     0x0000000008000000      0x10c
                0x0000000008000000                . = ALIGN (0x4)
 *(.isr_vector)
 .isr_vector    0x0000000008000000      0x10c ./Core/Startup/startup_stm32f103c8tx.o
                0x0000000008000000                g_pfnVectors
                0x000000000800010c                . = ALIGN (0x4)

.text           0x000000000800010c     0x39d4
                0x000000000800010c                . = ALIGN (0x4)
 *(.text)
 .text          0x000000000800010c       0x40 C:/ST/STM32CubeIDE_1.14.0/STM32CubeIDE/plugins/com.st.stm32cube.ide.mcu.externaltools.gnu-tools-for-stm32.11.3.rel1.win32_1.1.100.202309141235/tools/bin/../lib/gcc/arm-none-eabi/11.3.1/thumb/v7-m/nofp/crtbegin.o
 *(.text*)
 .text.buzzer   0x000000000800014c       0x58 ./Core/Src/Park.o
                0x000000000800014c                buzzer
 .text.save_status_check
                0x00000000080001a4       0xa0 ./Core/Src/Park.o
                0x00000000080001a4                save_status_check
 .text.car_in   0x0000000008000244       0xe8 ./Core/Src/Park.o
                0x0000000008000244                car_in
 .text.car_out  0x000000000800032c      0x100 ./Core/Src/Park.o
                0x000000000800032c                car_out
 .text.HAL_UART_RxCpltCallback
                0x000000000800042c       0xe8 ./Core/Src/Park.o
                0x000000000800042c                HAL_UART_RxCpltCallback
 .text.SensorRead
                0x0000000008000514       0xa4 ./Core/Src/Sensor.o
                0x0000000008000514                SensorRead
 .text.LCD_Enable
                0x00000000080005b8       0x30 ./Core/Src/lcd.o
                0x00000000080005b8                LCD_Enable
 .text.LCD_Send4Bit
                0x00000000080005e8       0x78 ./Core/Src/lcd.o
                0x00000000080005e8                LCD_Send4Bit
 .text.LCD_SendCommand
                0x0000000008000660       0x2e ./Core/Src/lcd.o
                0x0000000008000660                LCD_SendCommand
 *fill*         0x000000000800068e        0x2 
 .text.LCD_Init
                0x0000000008000690       0x58 ./Core/Src/lcd.o
                0x0000000008000690                LCD_Init
 .text.LCD_Gotoxy
                0x00000000080006e8       0x3a ./Core/Src/lcd.o
                0x00000000080006e8                LCD_Gotoxy
 .text.LCD_Clear
                0x0000000008000722       0x14 ./Core/Src/lcd.o
                0x0000000008000722                LCD_Clear
 *fill*         0x0000000008000736        0x2 
 .text.LCD_PutChar
                0x0000000008000738       0x38 ./Core/Src/lcd.o
                0x0000000008000738                LCD_PutChar
 .text.LCD_Puts
                0x0000000008000770       0x2c ./Core/Src/lcd.o
                0x0000000008000770                LCD_Puts
 .text.hien_thi
                0x000000000800079c      0x1b4 ./Core/Src/lcd.o
                0x000000000800079c                hien_thi
 .text.main     0x0000000008000950       0x68 ./Core/Src/main.o
                0x0000000008000950                main
 .text.SystemClock_Config
                0x00000000080009b8       0x76 ./Core/Src/main.o
                0x00000000080009b8                SystemClock_Config
 *fill*         0x0000000008000a2e        0x2 
 .text.MX_TIM2_Init
                0x0000000008000a30      0x130 ./Core/Src/main.o
 .text.MX_USART2_UART_Init
                0x0000000008000b60       0x54 ./Core/Src/main.o
 .text.MX_USART3_UART_Init
                0x0000000008000bb4       0x54 ./Core/Src/main.o
 .text.MX_GPIO_Init
                0x0000000008000c08      0x10c ./Core/Src/main.o
 .text.Error_Handler
                0x0000000008000d14        0xa ./Core/Src/main.o
                0x0000000008000d14                Error_Handler
 *fill*         0x0000000008000d1e        0x2 
 .text.HAL_MspInit
                0x0000000008000d20       0x64 ./Core/Src/stm32f1xx_hal_msp.o
                0x0000000008000d20                HAL_MspInit
 .text.HAL_TIM_Base_MspInit
                0x0000000008000d84       0x38 ./Core/Src/stm32f1xx_hal_msp.o
                0x0000000008000d84                HAL_TIM_Base_MspInit
 .text.HAL_TIM_MspPostInit
                0x0000000008000dbc       0x60 ./Core/Src/stm32f1xx_hal_msp.o
                0x0000000008000dbc                HAL_TIM_MspPostInit
 .text.HAL_UART_MspInit
                0x0000000008000e1c      0x12c ./Core/Src/stm32f1xx_hal_msp.o
                0x0000000008000e1c                HAL_UART_MspInit
 .text.NMI_Handler
                0x0000000008000f48        0x6 ./Core/Src/stm32f1xx_it.o
                0x0000000008000f48                NMI_Handler
 .text.HardFault_Handler
                0x0000000008000f4e        0x6 ./Core/Src/stm32f1xx_it.o
                0x0000000008000f4e                HardFault_Handler
 .text.MemManage_Handler
                0x0000000008000f54        0x6 ./Core/Src/stm32f1xx_it.o
                0x0000000008000f54                MemManage_Handler
 .text.BusFault_Handler
                0x0000000008000f5a        0x6 ./Core/Src/stm32f1xx_it.o
                0x0000000008000f5a                BusFault_Handler
 .text.UsageFault_Handler
                0x0000000008000f60        0x6 ./Core/Src/stm32f1xx_it.o
                0x0000000008000f60                UsageFault_Handler
 .text.SVC_Handler
                0x0000000008000f66        0xc ./Core/Src/stm32f1xx_it.o
                0x0000000008000f66                SVC_Handler
 .text.DebugMon_Handler
                0x0000000008000f72        0xc ./Core/Src/stm32f1xx_it.o
                0x0000000008000f72                DebugMon_Handler
 .text.PendSV_Handler
                0x0000000008000f7e        0xc ./Core/Src/stm32f1xx_it.o
                0x0000000008000f7e                PendSV_Handler
 .text.SysTick_Handler
                0x0000000008000f8a        0xc ./Core/Src/stm32f1xx_it.o
                0x0000000008000f8a                SysTick_Handler
 *fill*         0x0000000008000f96        0x2 
 .text.USART2_IRQHandler
                0x0000000008000f98       0x14 ./Core/Src/stm32f1xx_it.o
                0x0000000008000f98                USART2_IRQHandler
 .text.USART3_IRQHandler
                0x0000000008000fac       0x14 ./Core/Src/stm32f1xx_it.o
                0x0000000008000fac                USART3_IRQHandler
 .text.SystemInit
                0x0000000008000fc0        0xc ./Core/Src/system_stm32f1xx.o
                0x0000000008000fc0                SystemInit
 .text.Reset_Handler
                0x0000000008000fcc       0x48 ./Core/Startup/startup_stm32f103c8tx.o
                0x0000000008000fcc                Reset_Handler
 .text.Default_Handler
                0x0000000008001014        0x2 ./Core/Startup/startup_stm32f103c8tx.o
                0x0000000008001014                RTC_Alarm_IRQHandler
                0x0000000008001014                EXTI2_IRQHandler
                0x0000000008001014                TIM1_CC_IRQHandler
                0x0000000008001014                PVD_IRQHandler
                0x0000000008001014                EXTI3_IRQHandler
                0x0000000008001014                EXTI0_IRQHandler
                0x0000000008001014                I2C2_EV_IRQHandler
                0x0000000008001014                ADC1_2_IRQHandler
                0x0000000008001014                SPI1_IRQHandler
                0x0000000008001014                TAMPER_IRQHandler
                0x0000000008001014                DMA1_Channel4_IRQHandler
                0x0000000008001014                RTC_IRQHandler
                0x0000000008001014                DMA1_Channel7_IRQHandler
                0x0000000008001014                CAN1_RX1_IRQHandler
                0x0000000008001014                TIM4_IRQHandler
                0x0000000008001014                I2C1_EV_IRQHandler
                0x0000000008001014                DMA1_Channel6_IRQHandler
                0x0000000008001014                TIM3_IRQHandler
                0x0000000008001014                RCC_IRQHandler
                0x0000000008001014                TIM1_TRG_COM_IRQHandler
                0x0000000008001014                DMA1_Channel1_IRQHandler
                0x0000000008001014                Default_Handler
                0x0000000008001014                EXTI15_10_IRQHandler
                0x0000000008001014                EXTI9_5_IRQHandler
                0x0000000008001014                SPI2_IRQHandler
                0x0000000008001014                DMA1_Channel5_IRQHandler
                0x0000000008001014                EXTI4_IRQHandler
                0x0000000008001014                USB_LP_CAN1_RX0_IRQHandler
                0x0000000008001014                USB_HP_CAN1_TX_IRQHandler
                0x0000000008001014                DMA1_Channel3_IRQHandler
                0x0000000008001014                TIM1_UP_IRQHandler
                0x0000000008001014                WWDG_IRQHandler
                0x0000000008001014                TIM2_IRQHandler
                0x0000000008001014                TIM1_BRK_IRQHandler
                0x0000000008001014                EXTI1_IRQHandler
                0x0000000008001014                I2C2_ER_IRQHandler
                0x0000000008001014                DMA1_Channel2_IRQHandler
                0x0000000008001014                CAN1_SCE_IRQHandler
                0x0000000008001014                FLASH_IRQHandler
                0x0000000008001014                USART1_IRQHandler
                0x0000000008001014                I2C1_ER_IRQHandler
                0x0000000008001014                USBWakeUp_IRQHandler
 *fill*         0x0000000008001016        0x2 
 .text.HAL_Init
                0x0000000008001018       0x2c ./Drivers/STM32F1xx_HAL_Driver/Src/stm32f1xx_hal.o
                0x0000000008001018                HAL_Init
 .text.HAL_InitTick
                0x0000000008001044       0x60 ./Drivers/STM32F1xx_HAL_Driver/Src/stm32f1xx_hal.o
                0x0000000008001044                HAL_InitTick
 .text.HAL_IncTick
                0x00000000080010a4       0x24 ./Drivers/STM32F1xx_HAL_Driver/Src/stm32f1xx_hal.o
                0x00000000080010a4                HAL_IncTick
 .text.HAL_GetTick
                0x00000000080010c8       0x14 ./Drivers/STM32F1xx_HAL_Driver/Src/stm32f1xx_hal.o
                0x00000000080010c8                HAL_GetTick
 .text.HAL_Delay
                0x00000000080010dc       0x48 ./Drivers/STM32F1xx_HAL_Driver/Src/stm32f1xx_hal.o
                0x00000000080010dc                HAL_Delay
 .text.__NVIC_SetPriorityGrouping
                0x0000000008001124       0x48 ./Drivers/STM32F1xx_HAL_Driver/Src/stm32f1xx_hal_cortex.o
 .text.__NVIC_GetPriorityGrouping
                0x000000000800116c       0x1c ./Drivers/STM32F1xx_HAL_Driver/Src/stm32f1xx_hal_cortex.o
 .text.__NVIC_EnableIRQ
                0x0000000008001188       0x38 ./Drivers/STM32F1xx_HAL_Driver/Src/stm32f1xx_hal_cortex.o
 .text.__NVIC_SetPriority
                0x00000000080011c0       0x54 ./Drivers/STM32F1xx_HAL_Driver/Src/stm32f1xx_hal_cortex.o
 .text.NVIC_EncodePriority
                0x0000000008001214       0x64 ./Drivers/STM32F1xx_HAL_Driver/Src/stm32f1xx_hal_cortex.o
 .text.SysTick_Config
                0x0000000008001278       0x44 ./Drivers/STM32F1xx_HAL_Driver/Src/stm32f1xx_hal_cortex.o
 .text.HAL_NVIC_SetPriorityGrouping
                0x00000000080012bc       0x16 ./Drivers/STM32F1xx_HAL_Driver/Src/stm32f1xx_hal_cortex.o
                0x00000000080012bc                HAL_NVIC_SetPriorityGrouping
 .text.HAL_NVIC_SetPriority
                0x00000000080012d2       0x38 ./Drivers/STM32F1xx_HAL_Driver/Src/stm32f1xx_hal_cortex.o
                0x00000000080012d2                HAL_NVIC_SetPriority
 .text.HAL_NVIC_EnableIRQ
                0x000000000800130a       0x1c ./Drivers/STM32F1xx_HAL_Driver/Src/stm32f1xx_hal_cortex.o
                0x000000000800130a                HAL_NVIC_EnableIRQ
 .text.HAL_SYSTICK_Config
                0x0000000008001326       0x18 ./Drivers/STM32F1xx_HAL_Driver/Src/stm32f1xx_hal_cortex.o
                0x0000000008001326                HAL_SYSTICK_Config
 .text.HAL_DMA_Abort
                0x000000000800133e       0x76 ./Drivers/STM32F1xx_HAL_Driver/Src/stm32f1xx_hal_dma.o
                0x000000000800133e                HAL_DMA_Abort
 .text.HAL_DMA_Abort_IT
                0x00000000080013b4       0xf0 ./Drivers/STM32F1xx_HAL_Driver/Src/stm32f1xx_hal_dma.o
                0x00000000080013b4                HAL_DMA_Abort_IT
 .text.HAL_GPIO_Init
                0x00000000080014a4      0x308 ./Drivers/STM32F1xx_HAL_Driver/Src/stm32f1xx_hal_gpio.o
                0x00000000080014a4                HAL_GPIO_Init
 .text.HAL_GPIO_ReadPin
                0x00000000080017ac       0x2e ./Drivers/STM32F1xx_HAL_Driver/Src/stm32f1xx_hal_gpio.o
                0x00000000080017ac                HAL_GPIO_ReadPin
 .text.HAL_GPIO_WritePin
                0x00000000080017da       0x30 ./Drivers/STM32F1xx_HAL_Driver/Src/stm32f1xx_hal_gpio.o
                0x00000000080017da                HAL_GPIO_WritePin
 *fill*         0x000000000800180a        0x2 
 .text.HAL_RCC_OscConfig
                0x000000000800180c      0x504 ./Drivers/STM32F1xx_HAL_Driver/Src/stm32f1xx_hal_rcc.o
                0x000000000800180c                HAL_RCC_OscConfig
 .text.HAL_RCC_ClockConfig
                0x0000000008001d10      0x1d4 ./Drivers/STM32F1xx_HAL_Driver/Src/stm32f1xx_hal_rcc.o
                0x0000000008001d10                HAL_RCC_ClockConfig
 .text.HAL_RCC_GetSysClockFreq
                0x0000000008001ee4       0xa8 ./Drivers/STM32F1xx_HAL_Driver/Src/stm32f1xx_hal_rcc.o
                0x0000000008001ee4                HAL_RCC_GetSysClockFreq
 .text.HAL_RCC_GetHCLKFreq
                0x0000000008001f8c       0x14 ./Drivers/STM32F1xx_HAL_Driver/Src/stm32f1xx_hal_rcc.o
                0x0000000008001f8c                HAL_RCC_GetHCLKFreq
 .text.HAL_RCC_GetPCLK1Freq
                0x0000000008001fa0       0x28 ./Drivers/STM32F1xx_HAL_Driver/Src/stm32f1xx_hal_rcc.o
                0x0000000008001fa0                HAL_RCC_GetPCLK1Freq
 .text.HAL_RCC_GetPCLK2Freq
                0x0000000008001fc8       0x28 ./Drivers/STM32F1xx_HAL_Driver/Src/stm32f1xx_hal_rcc.o
                0x0000000008001fc8                HAL_RCC_GetPCLK2Freq
 .text.RCC_Delay
                0x0000000008001ff0       0x3c ./Drivers/STM32F1xx_HAL_Driver/Src/stm32f1xx_hal_rcc.o
 .text.HAL_TIM_Base_Init
                0x000000000800202c       0x9e ./Drivers/STM32F1xx_HAL_Driver/Src/stm32f1xx_hal_tim.o
                0x000000000800202c                HAL_TIM_Base_Init
 .text.HAL_TIM_PWM_Init
                0x00000000080020ca       0x9e ./Drivers/STM32F1xx_HAL_Driver/Src/stm32f1xx_hal_tim.o
                0x00000000080020ca                HAL_TIM_PWM_Init
 .text.HAL_TIM_PWM_MspInit
                0x0000000008002168       0x12 ./Drivers/STM32F1xx_HAL_Driver/Src/stm32f1xx_hal_tim.o
                0x0000000008002168                HAL_TIM_PWM_MspInit
 *fill*         0x000000000800217a        0x2 
 .text.HAL_TIM_PWM_Start
                0x000000000800217c      0x144 ./Drivers/STM32F1xx_HAL_Driver/Src/stm32f1xx_hal_tim.o
                0x000000000800217c                HAL_TIM_PWM_Start
 .text.HAL_TIM_PWM_ConfigChannel
                0x00000000080022c0      0x184 ./Drivers/STM32F1xx_HAL_Driver/Src/stm32f1xx_hal_tim.o
                0x00000000080022c0                HAL_TIM_PWM_ConfigChannel
 .text.HAL_TIM_ConfigClockSource
                0x0000000008002444      0x18e ./Drivers/STM32F1xx_HAL_Driver/Src/stm32f1xx_hal_tim.o
                0x0000000008002444                HAL_TIM_ConfigClockSource
 .text.HAL_TIM_SlaveConfigSynchro
                0x00000000080025d2       0x84 ./Drivers/STM32F1xx_HAL_Driver/Src/stm32f1xx_hal_tim.o
                0x00000000080025d2                HAL_TIM_SlaveConfigSynchro
 *fill*         0x0000000008002656        0x2 
 .text.TIM_Base_SetConfig
                0x0000000008002658       0xc4 ./Drivers/STM32F1xx_HAL_Driver/Src/stm32f1xx_hal_tim.o
                0x0000000008002658                TIM_Base_SetConfig
 .text.TIM_OC1_SetConfig
                0x000000000800271c       0xcc ./Drivers/STM32F1xx_HAL_Driver/Src/stm32f1xx_hal_tim.o
 .text.TIM_OC2_SetConfig
                0x00000000080027e8       0xd4 ./Drivers/STM32F1xx_HAL_Driver/Src/stm32f1xx_hal_tim.o
                0x00000000080027e8                TIM_OC2_SetConfig
 .text.TIM_OC3_SetConfig
                0x00000000080028bc       0xd4 ./Drivers/STM32F1xx_HAL_Driver/Src/stm32f1xx_hal_tim.o
 .text.TIM_OC4_SetConfig
                0x0000000008002990       0x9c ./Drivers/STM32F1xx_HAL_Driver/Src/stm32f1xx_hal_tim.o
 .text.TIM_SlaveTimer_SetConfig
                0x0000000008002a2c      0x122 ./Drivers/STM32F1xx_HAL_Driver/Src/stm32f1xx_hal_tim.o
 .text.TIM_TI1_ConfigInputStage
                0x0000000008002b4e       0x5c ./Drivers/STM32F1xx_HAL_Driver/Src/stm32f1xx_hal_tim.o
 .text.TIM_TI2_ConfigInputStage
                0x0000000008002baa       0x5e ./Drivers/STM32F1xx_HAL_Driver/Src/stm32f1xx_hal_tim.o
 .text.TIM_ITRx_SetConfig
                0x0000000008002c08       0x34 ./Drivers/STM32F1xx_HAL_Driver/Src/stm32f1xx_hal_tim.o
 .text.TIM_ETR_SetConfig
                0x0000000008002c3c       0x3e ./Drivers/STM32F1xx_HAL_Driver/Src/stm32f1xx_hal_tim.o
                0x0000000008002c3c                TIM_ETR_SetConfig
 .text.TIM_CCxChannelCmd
                0x0000000008002c7a       0x48 ./Drivers/STM32F1xx_HAL_Driver/Src/stm32f1xx_hal_tim.o
                0x0000000008002c7a                TIM_CCxChannelCmd
 *fill*         0x0000000008002cc2        0x2 
 .text.HAL_TIMEx_MasterConfigSynchronization
                0x0000000008002cc4       0xbc ./Drivers/STM32F1xx_HAL_Driver/Src/stm32f1xx_hal_tim_ex.o
                0x0000000008002cc4                HAL_TIMEx_MasterConfigSynchronization
 .text.HAL_UART_Init
                0x0000000008002d80       0xa0 ./Drivers/STM32F1xx_HAL_Driver/Src/stm32f1xx_hal_uart.o
                0x0000000008002d80                HAL_UART_Init
 .text.HAL_UART_Transmit
                0x0000000008002e20      0x106 ./Drivers/STM32F1xx_HAL_Driver/Src/stm32f1xx_hal_uart.o
                0x0000000008002e20                HAL_UART_Transmit
 .text.HAL_UART_Receive_IT
                0x0000000008002f26       0x4a ./Drivers/STM32F1xx_HAL_Driver/Src/stm32f1xx_hal_uart.o
                0x0000000008002f26                HAL_UART_Receive_IT
 .text.HAL_UART_IRQHandler
                0x0000000008002f70      0x524 ./Drivers/STM32F1xx_HAL_Driver/Src/stm32f1xx_hal_uart.o
                0x0000000008002f70                HAL_UART_IRQHandler
 .text.HAL_UART_TxCpltCallback
                0x0000000008003494       0x12 ./Drivers/STM32F1xx_HAL_Driver/Src/stm32f1xx_hal_uart.o
                0x0000000008003494                HAL_UART_TxCpltCallback
 .text.HAL_UART_ErrorCallback
                0x00000000080034a6       0x12 ./Drivers/STM32F1xx_HAL_Driver/Src/stm32f1xx_hal_uart.o
                0x00000000080034a6                HAL_UART_ErrorCallback
 .text.HAL_UARTEx_RxEventCallback
                0x00000000080034b8       0x16 ./Drivers/STM32F1xx_HAL_Driver/Src/stm32f1xx_hal_uart.o
                0x00000000080034b8                HAL_UARTEx_RxEventCallback
 .text.UART_WaitOnFlagUntilTimeout
                0x00000000080034ce       0xdc ./Drivers/STM32F1xx_HAL_Driver/Src/stm32f1xx_hal_uart.o
 .text.UART_Start_Receive_IT
                0x00000000080035aa       0x72 ./Drivers/STM32F1xx_HAL_Driver/Src/stm32f1xx_hal_uart.o
                0x00000000080035aa                UART_Start_Receive_IT
 .text.UART_EndRxTransfer
                0x000000000800361c       0xc4 ./Drivers/STM32F1xx_HAL_Driver/Src/stm32f1xx_hal_uart.o
 .text.UART_DMAAbortOnError
                0x00000000080036e0       0x28 ./Drivers/STM32F1xx_HAL_Driver/Src/stm32f1xx_hal_uart.o
 .text.UART_Transmit_IT
                0x0000000008003708       0x9e ./Drivers/STM32F1xx_HAL_Driver/Src/stm32f1xx_hal_uart.o
 .text.UART_EndTransmit_IT
                0x00000000080037a6       0x30 ./Drivers/STM32F1xx_HAL_Driver/Src/stm32f1xx_hal_uart.o
 .text.UART_Receive_IT
                0x00000000080037d6      0x17c ./Drivers/STM32F1xx_HAL_Driver/Src/stm32f1xx_hal_uart.o
 *fill*         0x0000000008003952        0x2 
 .text.UART_SetConfig
                0x0000000008003954      0x11c ./Drivers/STM32F1xx_HAL_Driver/Src/stm32f1xx_hal_uart.o
 .text.memset   0x0000000008003a70       0x10 C:/ST/STM32CubeIDE_1.14.0/STM32CubeIDE/plugins/com.st.stm32cube.ide.mcu.externaltools.gnu-tools-for-stm32.11.3.rel1.win32_1.1.100.202309141235/tools/bin/../lib/gcc/arm-none-eabi/11.3.1/../../../../arm-none-eabi/lib/thumb/v7-m/nofp\libc_nano.a(libc_a-memset.o)
                0x0000000008003a70                memset
 .text.__libc_init_array
                0x0000000008003a80       0x48 C:/ST/STM32CubeIDE_1.14.0/STM32CubeIDE/plugins/com.st.stm32cube.ide.mcu.externaltools.gnu-tools-for-stm32.11.3.rel1.win32_1.1.100.202309141235/tools/bin/../lib/gcc/arm-none-eabi/11.3.1/../../../../arm-none-eabi/lib/thumb/v7-m/nofp\libc_nano.a(libc_a-init.o)
                0x0000000008003a80                __libc_init_array
 *(.glue_7)
 .glue_7        0x0000000008003ac8        0x0 linker stubs
 *(.glue_7t)
 .glue_7t       0x0000000008003ac8        0x0 linker stubs
 *(.eh_frame)
 .eh_frame      0x0000000008003ac8        0x0 C:/ST/STM32CubeIDE_1.14.0/STM32CubeIDE/plugins/com.st.stm32cube.ide.mcu.externaltools.gnu-tools-for-stm32.11.3.rel1.win32_1.1.100.202309141235/tools/bin/../lib/gcc/arm-none-eabi/11.3.1/thumb/v7-m/nofp/crtbegin.o
 *(.init)
 .init          0x0000000008003ac8        0x4 C:/ST/STM32CubeIDE_1.14.0/STM32CubeIDE/plugins/com.st.stm32cube.ide.mcu.externaltools.gnu-tools-for-stm32.11.3.rel1.win32_1.1.100.202309141235/tools/bin/../lib/gcc/arm-none-eabi/11.3.1/thumb/v7-m/nofp/crti.o
                0x0000000008003ac8                _init
 .init          0x0000000008003acc        0x8 C:/ST/STM32CubeIDE_1.14.0/STM32CubeIDE/plugins/com.st.stm32cube.ide.mcu.externaltools.gnu-tools-for-stm32.11.3.rel1.win32_1.1.100.202309141235/tools/bin/../lib/gcc/arm-none-eabi/11.3.1/thumb/v7-m/nofp/crtn.o
 *(.fini)
 .fini          0x0000000008003ad4        0x4 C:/ST/STM32CubeIDE_1.14.0/STM32CubeIDE/plugins/com.st.stm32cube.ide.mcu.externaltools.gnu-tools-for-stm32.11.3.rel1.win32_1.1.100.202309141235/tools/bin/../lib/gcc/arm-none-eabi/11.3.1/thumb/v7-m/nofp/crti.o
                0x0000000008003ad4                _fini
 .fini          0x0000000008003ad8        0x8 C:/ST/STM32CubeIDE_1.14.0/STM32CubeIDE/plugins/com.st.stm32cube.ide.mcu.externaltools.gnu-tools-for-stm32.11.3.rel1.win32_1.1.100.202309141235/tools/bin/../lib/gcc/arm-none-eabi/11.3.1/thumb/v7-m/nofp/crtn.o
                0x0000000008003ae0                . = ALIGN (0x4)
                0x0000000008003ae0                _etext = .

.vfp11_veneer   0x0000000008003ae0        0x0
 .vfp11_veneer  0x0000000008003ae0        0x0 linker stubs

.v4_bx          0x0000000008003ae0        0x0
 .v4_bx         0x0000000008003ae0        0x0 linker stubs

.iplt           0x0000000008003ae0        0x0
 .iplt          0x0000000008003ae0        0x0 C:/ST/STM32CubeIDE_1.14.0/STM32CubeIDE/plugins/com.st.stm32cube.ide.mcu.externaltools.gnu-tools-for-stm32.11.3.rel1.win32_1.1.100.202309141235/tools/bin/../lib/gcc/arm-none-eabi/11.3.1/thumb/v7-m/nofp/crtbegin.o

.rodata         0x0000000008003ae0       0x5c
                0x0000000008003ae0                . = ALIGN (0x4)
 *(.rodata)
 .rodata        0x0000000008003ae0        0x2 ./Core/Src/Park.o
 *fill*         0x0000000008003ae2        0x2 
 .rodata        0x0000000008003ae4       0x2b ./Core/Src/lcd.o
 *(.rodata*)
 *fill*         0x0000000008003b0f        0x1 
 .rodata.AHBPrescTable
                0x0000000008003b10       0x10 ./Core/Src/system_stm32f1xx.o
                0x0000000008003b10                AHBPrescTable
 .rodata.APBPrescTable
                0x0000000008003b20        0x8 ./Core/Src/system_stm32f1xx.o
                0x0000000008003b20                APBPrescTable
 .rodata.aPLLMULFactorTable.1
                0x0000000008003b28       0x10 ./Drivers/STM32F1xx_HAL_Driver/Src/stm32f1xx_hal_rcc.o
 .rodata.aPredivFactorTable.0
                0x0000000008003b38        0x2 ./Drivers/STM32F1xx_HAL_Driver/Src/stm32f1xx_hal_rcc.o
                0x0000000008003b3c                . = ALIGN (0x4)
 *fill*         0x0000000008003b3a        0x2 

.rel.dyn        0x0000000008003b3c        0x0
 .rel.iplt      0x0000000008003b3c        0x0 C:/ST/STM32CubeIDE_1.14.0/STM32CubeIDE/plugins/com.st.stm32cube.ide.mcu.externaltools.gnu-tools-for-stm32.11.3.rel1.win32_1.1.100.202309141235/tools/bin/../lib/gcc/arm-none-eabi/11.3.1/thumb/v7-m/nofp/crtbegin.o

.ARM.extab      0x0000000008003b3c        0x0
                0x0000000008003b3c                . = ALIGN (0x4)
 *(.ARM.extab* .gnu.linkonce.armextab.*)
                0x0000000008003b3c                . = ALIGN (0x4)

.ARM            0x0000000008003b3c        0x0
                0x0000000008003b3c                . = ALIGN (0x4)
                0x0000000008003b3c                __exidx_start = .
 *(.ARM.exidx*)
                0x0000000008003b3c                __exidx_end = .
                0x0000000008003b3c                . = ALIGN (0x4)

.preinit_array  0x0000000008003b3c        0x0
                0x0000000008003b3c                . = ALIGN (0x4)
                0x0000000008003b3c                PROVIDE (__preinit_array_start = .)
 *(.preinit_array*)
                0x0000000008003b3c                PROVIDE (__preinit_array_end = .)
                0x0000000008003b3c                . = ALIGN (0x4)

.init_array     0x0000000008003b3c        0x4
                0x0000000008003b3c                . = ALIGN (0x4)
                0x0000000008003b3c                PROVIDE (__init_array_start = .)
 *(SORT_BY_NAME(.init_array.*))
 *(.init_array*)
 .init_array    0x0000000008003b3c        0x4 C:/ST/STM32CubeIDE_1.14.0/STM32CubeIDE/plugins/com.st.stm32cube.ide.mcu.externaltools.gnu-tools-for-stm32.11.3.rel1.win32_1.1.100.202309141235/tools/bin/../lib/gcc/arm-none-eabi/11.3.1/thumb/v7-m/nofp/crtbegin.o
                0x0000000008003b40                PROVIDE (__init_array_end = .)
                0x0000000008003b40                . = ALIGN (0x4)

.fini_array     0x0000000008003b40        0x4
                0x0000000008003b40                . = ALIGN (0x4)
                [!provide]                        PROVIDE (__fini_array_start = .)
 *(SORT_BY_NAME(.fini_array.*))
 *(.fini_array*)
 .fini_array    0x0000000008003b40        0x4 C:/ST/STM32CubeIDE_1.14.0/STM32CubeIDE/plugins/com.st.stm32cube.ide.mcu.externaltools.gnu-tools-for-stm32.11.3.rel1.win32_1.1.100.202309141235/tools/bin/../lib/gcc/arm-none-eabi/11.3.1/thumb/v7-m/nofp/crtbegin.o
                [!provide]                        PROVIDE (__fini_array_end = .)
                0x0000000008003b44                . = ALIGN (0x4)
                0x0000000008003b44                _sidata = LOADADDR (.data)

.data           0x0000000020000000       0x10 load address 0x0000000008003b44
                0x0000000020000000                . = ALIGN (0x4)
                0x0000000020000000                _sdata = .
 *(.data)
 *(.data*)
 .data.senddata
                0x0000000020000000        0x4 ./Core/Src/Park.o
                0x0000000020000000                senddata
 .data.SystemCoreClock
                0x0000000020000004        0x4 ./Core/Src/system_stm32f1xx.o
                0x0000000020000004                SystemCoreClock
 .data.uwTickPrio
                0x0000000020000008        0x4 ./Drivers/STM32F1xx_HAL_Driver/Src/stm32f1xx_hal.o
                0x0000000020000008                uwTickPrio
 .data.uwTickFreq
                0x000000002000000c        0x1 ./Drivers/STM32F1xx_HAL_Driver/Src/stm32f1xx_hal.o
                0x000000002000000c                uwTickFreq
 *(.RamFunc)
 *(.RamFunc*)
                0x0000000020000010                . = ALIGN (0x4)
 *fill*         0x000000002000000d        0x3 
                0x0000000020000010                _edata = .

.igot.plt       0x0000000020000010        0x0 load address 0x0000000008003b54
 .igot.plt      0x0000000020000010        0x0 C:/ST/STM32CubeIDE_1.14.0/STM32CubeIDE/plugins/com.st.stm32cube.ide.mcu.externaltools.gnu-tools-for-stm32.11.3.rel1.win32_1.1.100.202309141235/tools/bin/../lib/gcc/arm-none-eabi/11.3.1/thumb/v7-m/nofp/crtbegin.o
                0x0000000020000010                . = ALIGN (0x4)

.bss            0x0000000020000010      0x2bc load address 0x0000000008003b54
                0x0000000020000010                _sbss = .
                0x0000000020000010                __bss_start__ = _sbss
 *(.bss)
 .bss           0x0000000020000010       0x1c C:/ST/STM32CubeIDE_1.14.0/STM32CubeIDE/plugins/com.st.stm32cube.ide.mcu.externaltools.gnu-tools-for-stm32.11.3.rel1.win32_1.1.100.202309141235/tools/bin/../lib/gcc/arm-none-eabi/11.3.1/thumb/v7-m/nofp/crtbegin.o
 *(.bss*)
 .bss.RFID_COUNT
                0x000000002000002c        0x4 ./Core/Src/Park.o
                0x000000002000002c                RFID_COUNT
 .bss.COM_COUNT
                0x0000000020000030        0x4 ./Core/Src/Park.o
                0x0000000020000030                COM_COUNT
 .bss.RFID_BUFF
                0x0000000020000034       0x18 ./Core/Src/Park.o
                0x0000000020000034                RFID_BUFF
 .bss.RFID_DATA
                0x000000002000004c        0x4 ./Core/Src/Park.o
                0x000000002000004c                RFID_DATA
 .bss.COM_BUFF  0x0000000020000050       0x24 ./Core/Src/Park.o
                0x0000000020000050                COM_BUFF
 .bss.COM_DATA  0x0000000020000074        0x4 ./Core/Src/Park.o
                0x0000000020000074                COM_DATA
 .bss.i         0x0000000020000078        0x4 ./Core/Src/Park.o
                0x0000000020000078                i
 .bss.j         0x000000002000007c        0x4 ./Core/Src/Park.o
                0x000000002000007c                j
 .bss.RFID_SAVE
                0x0000000020000080       0x78 ./Core/Src/Park.o
                0x0000000020000080                RFID_SAVE
 .bss.COM_SAVE  0x00000000200000f8       0xb4 ./Core/Src/Park.o
                0x00000000200000f8                COM_SAVE
 .bss.empty_array
                0x00000000200001ac       0x14 ./Core/Src/Park.o
                0x00000000200001ac                empty_array
 .bss.barie     0x00000000200001c0        0x4 ./Core/Src/Park.o
                0x00000000200001c0                barie
 .bss.empty     0x00000000200001c4        0x4 ./Core/Src/Park.o
                0x00000000200001c4                empty
 .bss.save_status
                0x00000000200001c8        0x4 ./Core/Src/Park.o
                0x00000000200001c8                save_status
 .bss.location_overlap
                0x00000000200001cc        0x4 ./Core/Src/Park.o
                0x00000000200001cc                location_overlap
 .bss.overlap_status
                0x00000000200001d0        0x4 ./Core/Src/Park.o
                0x00000000200001d0                overlap_status
 .bss.EMPTY_NUMBER
                0x00000000200001d4        0x4 ./Core/Src/Sensor.o
                0x00000000200001d4                EMPTY_NUMBER
 .bss.Sensor_buff
                0x00000000200001d8       0x14 ./Core/Src/Sensor.o
                0x00000000200001d8                Sensor_buff
 .bss.x         0x00000000200001ec        0x4 ./Core/Src/Sensor.o
                0x00000000200001ec                x
 .bss.htim2     0x00000000200001f0       0x48 ./Core/Src/main.o
                0x00000000200001f0                htim2
 .bss.huart2    0x0000000020000238       0x48 ./Core/Src/main.o
                0x0000000020000238                huart2
 .bss.huart3    0x0000000020000280       0x48 ./Core/Src/main.o
                0x0000000020000280                huart3
 .bss.uwTick    0x00000000200002c8        0x4 ./Drivers/STM32F1xx_HAL_Driver/Src/stm32f1xx_hal.o
                0x00000000200002c8                uwTick
 *(COMMON)
                0x00000000200002cc                . = ALIGN (0x4)
                0x00000000200002cc                _ebss = .
                0x00000000200002cc                __bss_end__ = _ebss

._user_heap_stack
                0x00000000200002cc      0x604 load address 0x0000000008003b54
                0x00000000200002d0                . = ALIGN (0x8)
 *fill*         0x00000000200002cc        0x4 
                [!provide]                        PROVIDE (end = .)
                0x00000000200002d0                PROVIDE (_end = .)
                0x00000000200004d0                . = (. + _Min_Heap_Size)
 *fill*         0x00000000200002d0      0x200 
                0x00000000200008d0                . = (. + _Min_Stack_Size)
 *fill*         0x00000000200004d0      0x400 
                0x00000000200008d0                . = ALIGN (0x8)

/DISCARD/
 libc.a(*)
 libm.a(*)
 libgcc.a(*)

.ARM.attributes
                0x0000000000000000       0x29
 *(.ARM.attributes)
 .ARM.attributes
                0x0000000000000000       0x1d C:/ST/STM32CubeIDE_1.14.0/STM32CubeIDE/plugins/com.st.stm32cube.ide.mcu.externaltools.gnu-tools-for-stm32.11.3.rel1.win32_1.1.100.202309141235/tools/bin/../lib/gcc/arm-none-eabi/11.3.1/thumb/v7-m/nofp/crti.o
 .ARM.attributes
                0x000000000000001d       0x2d C:/ST/STM32CubeIDE_1.14.0/STM32CubeIDE/plugins/com.st.stm32cube.ide.mcu.externaltools.gnu-tools-for-stm32.11.3.rel1.win32_1.1.100.202309141235/tools/bin/../lib/gcc/arm-none-eabi/11.3.1/thumb/v7-m/nofp/crtbegin.o
 .ARM.attributes
                0x000000000000004a       0x2d ./Core/Src/Park.o
 .ARM.attributes
                0x0000000000000077       0x2d ./Core/Src/Sensor.o
 .ARM.attributes
                0x00000000000000a4       0x2d ./Core/Src/lcd.o
 .ARM.attributes
                0x00000000000000d1       0x2d ./Core/Src/main.o
 .ARM.attributes
                0x00000000000000fe       0x2d ./Core/Src/stm32f1xx_hal_msp.o
 .ARM.attributes
                0x000000000000012b       0x2d ./Core/Src/stm32f1xx_it.o
 .ARM.attributes
                0x0000000000000158       0x2d ./Core/Src/system_stm32f1xx.o
 .ARM.attributes
                0x0000000000000185       0x21 ./Core/Startup/startup_stm32f103c8tx.o
 .ARM.attributes
                0x00000000000001a6       0x2d ./Drivers/STM32F1xx_HAL_Driver/Src/stm32f1xx_hal.o
 .ARM.attributes
                0x00000000000001d3       0x2d ./Drivers/STM32F1xx_HAL_Driver/Src/stm32f1xx_hal_cortex.o
 .ARM.attributes
                0x0000000000000200       0x2d ./Drivers/STM32F1xx_HAL_Driver/Src/stm32f1xx_hal_dma.o
 .ARM.attributes
                0x000000000000022d       0x2d ./Drivers/STM32F1xx_HAL_Driver/Src/stm32f1xx_hal_gpio.o
 .ARM.attributes
                0x000000000000025a       0x2d ./Drivers/STM32F1xx_HAL_Driver/Src/stm32f1xx_hal_rcc.o
 .ARM.attributes
                0x0000000000000287       0x2d ./Drivers/STM32F1xx_HAL_Driver/Src/stm32f1xx_hal_tim.o
 .ARM.attributes
                0x00000000000002b4       0x2d ./Drivers/STM32F1xx_HAL_Driver/Src/stm32f1xx_hal_tim_ex.o
 .ARM.attributes
                0x00000000000002e1       0x2d ./Drivers/STM32F1xx_HAL_Driver/Src/stm32f1xx_hal_uart.o
 .ARM.attributes
                0x000000000000030e       0x2d C:/ST/STM32CubeIDE_1.14.0/STM32CubeIDE/plugins/com.st.stm32cube.ide.mcu.externaltools.gnu-tools-for-stm32.11.3.rel1.win32_1.1.100.202309141235/tools/bin/../lib/gcc/arm-none-eabi/11.3.1/../../../../arm-none-eabi/lib/thumb/v7-m/nofp\libc_nano.a(libc_a-memset.o)
 .ARM.attributes
                0x000000000000033b       0x2d C:/ST/STM32CubeIDE_1.14.0/STM32CubeIDE/plugins/com.st.stm32cube.ide.mcu.externaltools.gnu-tools-for-stm32.11.3.rel1.win32_1.1.100.202309141235/tools/bin/../lib/gcc/arm-none-eabi/11.3.1/../../../../arm-none-eabi/lib/thumb/v7-m/nofp\libc_nano.a(libc_a-init.o)
 .ARM.attributes
                0x0000000000000368       0x1d C:/ST/STM32CubeIDE_1.14.0/STM32CubeIDE/plugins/com.st.stm32cube.ide.mcu.externaltools.gnu-tools-for-stm32.11.3.rel1.win32_1.1.100.202309141235/tools/bin/../lib/gcc/arm-none-eabi/11.3.1/thumb/v7-m/nofp/crtn.o
OUTPUT(Test_UART.elf elf32-littlearm)
LOAD linker stubs
LOAD C:/ST/STM32CubeIDE_1.14.0/STM32CubeIDE/plugins/com.st.stm32cube.ide.mcu.externaltools.gnu-tools-for-stm32.11.3.rel1.win32_1.1.100.202309141235/tools/bin/../lib/gcc/arm-none-eabi/11.3.1/../../../../arm-none-eabi/lib/thumb/v7-m/nofp\libc.a
LOAD C:/ST/STM32CubeIDE_1.14.0/STM32CubeIDE/plugins/com.st.stm32cube.ide.mcu.externaltools.gnu-tools-for-stm32.11.3.rel1.win32_1.1.100.202309141235/tools/bin/../lib/gcc/arm-none-eabi/11.3.1/../../../../arm-none-eabi/lib/thumb/v7-m/nofp\libm.a
LOAD C:/ST/STM32CubeIDE_1.14.0/STM32CubeIDE/plugins/com.st.stm32cube.ide.mcu.externaltools.gnu-tools-for-stm32.11.3.rel1.win32_1.1.100.202309141235/tools/bin/../lib/gcc/arm-none-eabi/11.3.1/thumb/v7-m/nofp\libgcc.a

.comment        0x0000000000000000       0x43
 .comment       0x0000000000000000       0x43 C:/ST/STM32CubeIDE_1.14.0/STM32CubeIDE/plugins/com.st.stm32cube.ide.mcu.externaltools.gnu-tools-for-stm32.11.3.rel1.win32_1.1.100.202309141235/tools/bin/../lib/gcc/arm-none-eabi/11.3.1/thumb/v7-m/nofp/crtbegin.o
                                         0x44 (size before relaxing)
 .comment       0x0000000000000043       0x44 ./Core/Src/Park.o
 .comment       0x0000000000000043       0x44 ./Core/Src/Sensor.o
 .comment       0x0000000000000043       0x44 ./Core/Src/lcd.o
 .comment       0x0000000000000043       0x44 ./Core/Src/main.o
 .comment       0x0000000000000043       0x44 ./Core/Src/stm32f1xx_hal_msp.o
 .comment       0x0000000000000043       0x44 ./Core/Src/stm32f1xx_it.o
 .comment       0x0000000000000043       0x44 ./Core/Src/system_stm32f1xx.o
 .comment       0x0000000000000043       0x44 ./Drivers/STM32F1xx_HAL_Driver/Src/stm32f1xx_hal.o
 .comment       0x0000000000000043       0x44 ./Drivers/STM32F1xx_HAL_Driver/Src/stm32f1xx_hal_cortex.o
 .comment       0x0000000000000043       0x44 ./Drivers/STM32F1xx_HAL_Driver/Src/stm32f1xx_hal_dma.o
 .comment       0x0000000000000043       0x44 ./Drivers/STM32F1xx_HAL_Driver/Src/stm32f1xx_hal_gpio.o
 .comment       0x0000000000000043       0x44 ./Drivers/STM32F1xx_HAL_Driver/Src/stm32f1xx_hal_rcc.o
 .comment       0x0000000000000043       0x44 ./Drivers/STM32F1xx_HAL_Driver/Src/stm32f1xx_hal_tim.o
 .comment       0x0000000000000043       0x44 ./Drivers/STM32F1xx_HAL_Driver/Src/stm32f1xx_hal_tim_ex.o
 .comment       0x0000000000000043       0x44 ./Drivers/STM32F1xx_HAL_Driver/Src/stm32f1xx_hal_uart.o

.debug_info     0x0000000000000000     0xcc3e
 .debug_info    0x0000000000000000      0x8af ./Core/Src/Park.o
 .debug_info    0x00000000000008af      0x1bd ./Core/Src/Sensor.o
 .debug_info    0x0000000000000a6c      0x89d ./Core/Src/lcd.o
 .debug_info    0x0000000000001309      0xfe4 ./Core/Src/main.o
 .debug_info    0x00000000000022ed      0xdae ./Core/Src/stm32f1xx_hal_msp.o
 .debug_info    0x000000000000309b      0x603 ./Core/Src/stm32f1xx_it.o
 .debug_info    0x000000000000369e      0x222 ./Core/Src/system_stm32f1xx.o
 .debug_info    0x00000000000038c0       0x23 ./Core/Startup/startup_stm32f103c8tx.o
 .debug_info    0x00000000000038e3      0x704 ./Drivers/STM32F1xx_HAL_Driver/Src/stm32f1xx_hal.o
 .debug_info    0x0000000000003fe7      0xa87 ./Drivers/STM32F1xx_HAL_Driver/Src/stm32f1xx_hal_cortex.o
 .debug_info    0x0000000000004a6e      0x6d2 ./Drivers/STM32F1xx_HAL_Driver/Src/stm32f1xx_hal_dma.o
 .debug_info    0x0000000000005140      0x5ab ./Drivers/STM32F1xx_HAL_Driver/Src/stm32f1xx_hal_gpio.o
 .debug_info    0x00000000000056eb      0x7d5 ./Drivers/STM32F1xx_HAL_Driver/Src/stm32f1xx_hal_rcc.o
 .debug_info    0x0000000000005ec0     0x293b ./Drivers/STM32F1xx_HAL_Driver/Src/stm32f1xx_hal_tim.o
 .debug_info    0x00000000000087fb     0x149b ./Drivers/STM32F1xx_HAL_Driver/Src/stm32f1xx_hal_tim_ex.o
 .debug_info    0x0000000000009c96     0x2fa8 ./Drivers/STM32F1xx_HAL_Driver/Src/stm32f1xx_hal_uart.o

.debug_abbrev   0x0000000000000000     0x20a3
 .debug_abbrev  0x0000000000000000      0x216 ./Core/Src/Park.o
 .debug_abbrev  0x0000000000000216      0x129 ./Core/Src/Sensor.o
 .debug_abbrev  0x000000000000033f      0x250 ./Core/Src/lcd.o
 .debug_abbrev  0x000000000000058f      0x2df ./Core/Src/main.o
 .debug_abbrev  0x000000000000086e      0x1fa ./Core/Src/stm32f1xx_hal_msp.o
 .debug_abbrev  0x0000000000000a68      0x178 ./Core/Src/stm32f1xx_it.o
 .debug_abbrev  0x0000000000000be0      0x13f ./Core/Src/system_stm32f1xx.o
 .debug_abbrev  0x0000000000000d1f       0x12 ./Core/Startup/startup_stm32f103c8tx.o
 .debug_abbrev  0x0000000000000d31      0x201 ./Drivers/STM32F1xx_HAL_Driver/Src/stm32f1xx_hal.o
 .debug_abbrev  0x0000000000000f32      0x2f8 ./Drivers/STM32F1xx_HAL_Driver/Src/stm32f1xx_hal_cortex.o
 .debug_abbrev  0x000000000000122a      0x20b ./Drivers/STM32F1xx_HAL_Driver/Src/stm32f1xx_hal_dma.o
 .debug_abbrev  0x0000000000001435      0x1ca ./Drivers/STM32F1xx_HAL_Driver/Src/stm32f1xx_hal_gpio.o
 .debug_abbrev  0x00000000000015ff      0x2b3 ./Drivers/STM32F1xx_HAL_Driver/Src/stm32f1xx_hal_rcc.o
 .debug_abbrev  0x00000000000018b2      0x277 ./Drivers/STM32F1xx_HAL_Driver/Src/stm32f1xx_hal_tim.o
 .debug_abbrev  0x0000000000001b29      0x282 ./Drivers/STM32F1xx_HAL_Driver/Src/stm32f1xx_hal_tim_ex.o
 .debug_abbrev  0x0000000000001dab      0x2f8 ./Drivers/STM32F1xx_HAL_Driver/Src/stm32f1xx_hal_uart.o

.debug_aranges  0x0000000000000000      0xca8
 .debug_aranges
                0x0000000000000000       0x40 ./Core/Src/Park.o
 .debug_aranges
                0x0000000000000040       0x20 ./Core/Src/Sensor.o
 .debug_aranges
                0x0000000000000060       0x68 ./Core/Src/lcd.o
 .debug_aranges
                0x00000000000000c8       0x50 ./Core/Src/main.o
 .debug_aranges
                0x0000000000000118       0x48 ./Core/Src/stm32f1xx_hal_msp.o
 .debug_aranges
                0x0000000000000160       0x70 ./Core/Src/stm32f1xx_it.o
 .debug_aranges
                0x00000000000001d0       0x28 ./Core/Src/system_stm32f1xx.o
 .debug_aranges
                0x00000000000001f8       0x28 ./Core/Startup/startup_stm32f103c8tx.o
 .debug_aranges
                0x0000000000000220       0xe0 ./Drivers/STM32F1xx_HAL_Driver/Src/stm32f1xx_hal.o
 .debug_aranges
                0x0000000000000300      0x100 ./Drivers/STM32F1xx_HAL_Driver/Src/stm32f1xx_hal_cortex.o
 .debug_aranges
                0x0000000000000400       0x80 ./Drivers/STM32F1xx_HAL_Driver/Src/stm32f1xx_hal_dma.o
 .debug_aranges
                0x0000000000000480       0x58 ./Drivers/STM32F1xx_HAL_Driver/Src/stm32f1xx_hal_gpio.o
 .debug_aranges
                0x00000000000004d8       0x90 ./Drivers/STM32F1xx_HAL_Driver/Src/stm32f1xx_hal_rcc.o
 .debug_aranges
                0x0000000000000568      0x3d0 ./Drivers/STM32F1xx_HAL_Driver/Src/stm32f1xx_hal_tim.o
 .debug_aranges
                0x0000000000000938      0x168 ./Drivers/STM32F1xx_HAL_Driver/Src/stm32f1xx_hal_tim_ex.o
 .debug_aranges
                0x0000000000000aa0      0x208 ./Drivers/STM32F1xx_HAL_Driver/Src/stm32f1xx_hal_uart.o

.debug_rnglists
                0x0000000000000000      0x9e2
 .debug_rnglists
                0x0000000000000000       0x2f ./Core/Src/Park.o
 .debug_rnglists
                0x000000000000002f       0x14 ./Core/Src/Sensor.o
 .debug_rnglists
                0x0000000000000043       0x4a ./Core/Src/lcd.o
 .debug_rnglists
                0x000000000000008d       0x39 ./Core/Src/main.o
 .debug_rnglists
                0x00000000000000c6       0x32 ./Core/Src/stm32f1xx_hal_msp.o
 .debug_rnglists
                0x00000000000000f8       0x4f ./Core/Src/stm32f1xx_it.o
 .debug_rnglists
                0x0000000000000147       0x1a ./Core/Src/system_stm32f1xx.o
 .debug_rnglists
                0x0000000000000161       0x19 ./Core/Startup/startup_stm32f103c8tx.o
 .debug_rnglists
                0x000000000000017a       0xa3 ./Drivers/STM32F1xx_HAL_Driver/Src/stm32f1xx_hal.o
 .debug_rnglists
                0x000000000000021d       0xbb ./Drivers/STM32F1xx_HAL_Driver/Src/stm32f1xx_hal_cortex.o
 .debug_rnglists
                0x00000000000002d8       0x64 ./Drivers/STM32F1xx_HAL_Driver/Src/stm32f1xx_hal_dma.o
 .debug_rnglists
                0x000000000000033c       0x3f ./Drivers/STM32F1xx_HAL_Driver/Src/stm32f1xx_hal_gpio.o
 .debug_rnglists
                0x000000000000037b       0x6c ./Drivers/STM32F1xx_HAL_Driver/Src/stm32f1xx_hal_rcc.o
 .debug_rnglists
                0x00000000000003e7      0x31a ./Drivers/STM32F1xx_HAL_Driver/Src/stm32f1xx_hal_tim.o
 .debug_rnglists
                0x0000000000000701      0x125 ./Drivers/STM32F1xx_HAL_Driver/Src/stm32f1xx_hal_tim_ex.o
 .debug_rnglists
                0x0000000000000826      0x1bc ./Drivers/STM32F1xx_HAL_Driver/Src/stm32f1xx_hal_uart.o

.debug_macro    0x0000000000000000    0x1723d
 .debug_macro   0x0000000000000000      0x1bc ./Core/Src/Park.o
 .debug_macro   0x00000000000001bc      0xa9c ./Core/Src/Park.o
 .debug_macro   0x0000000000000c58      0x21b ./Core/Src/Park.o
 .debug_macro   0x0000000000000e73       0x2e ./Core/Src/Park.o
 .debug_macro   0x0000000000000ea1       0x22 ./Core/Src/Park.o
 .debug_macro   0x0000000000000ec3       0x22 ./Core/Src/Park.o
 .debug_macro   0x0000000000000ee5       0x8e ./Core/Src/Park.o
 .debug_macro   0x0000000000000f73       0x51 ./Core/Src/Park.o
 .debug_macro   0x0000000000000fc4      0x103 ./Core/Src/Park.o
 .debug_macro   0x00000000000010c7       0x6a ./Core/Src/Park.o
 .debug_macro   0x0000000000001131      0x1df ./Core/Src/Park.o
 .debug_macro   0x0000000000001310       0x1c ./Core/Src/Park.o
 .debug_macro   0x000000000000132c       0x22 ./Core/Src/Park.o
 .debug_macro   0x000000000000134e       0xbd ./Core/Src/Park.o
 .debug_macro   0x000000000000140b      0xd23 ./Core/Src/Park.o
 .debug_macro   0x000000000000212e     0xe09e ./Core/Src/Park.o
 .debug_macro   0x00000000000101cc       0x6d ./Core/Src/Park.o
 .debug_macro   0x0000000000010239     0x348d ./Core/Src/Park.o
 .debug_macro   0x00000000000136c6      0x174 ./Core/Src/Park.o
 .debug_macro   0x000000000001383a       0x5c ./Core/Src/Park.o
 .debug_macro   0x0000000000013896      0x5bc ./Core/Src/Park.o
 .debug_macro   0x0000000000013e52      0x289 ./Core/Src/Park.o
 .debug_macro   0x00000000000140db      0x1cb ./Core/Src/Park.o
 .debug_macro   0x00000000000142a6      0x114 ./Core/Src/Park.o
 .debug_macro   0x00000000000143ba      0x1b2 ./Core/Src/Park.o
 .debug_macro   0x000000000001456c       0x27 ./Core/Src/Park.o
 .debug_macro   0x0000000000014593      0x136 ./Core/Src/Park.o
 .debug_macro   0x00000000000146c9      0x1bc ./Core/Src/Park.o
 .debug_macro   0x0000000000014885       0x34 ./Core/Src/Park.o
 .debug_macro   0x00000000000148b9       0x3c ./Core/Src/Park.o
 .debug_macro   0x00000000000148f5       0x57 ./Core/Src/Park.o
 .debug_macro   0x000000000001494c       0x87 ./Core/Src/Park.o
 .debug_macro   0x00000000000149d3      0x240 ./Core/Src/Park.o
 .debug_macro   0x0000000000014c13      0x140 ./Core/Src/Park.o
 .debug_macro   0x0000000000014d53      0x8ed ./Core/Src/Park.o
 .debug_macro   0x0000000000015640      0x28e ./Core/Src/Park.o
 .debug_macro   0x00000000000158ce       0x83 ./Core/Src/Park.o
 .debug_macro   0x0000000000015951       0xc4 ./Core/Src/Park.o
 .debug_macro   0x0000000000015a15      0x1bc ./Core/Src/Sensor.o
 .debug_macro   0x0000000000015bd1      0x1d0 ./Core/Src/lcd.o
 .debug_macro   0x0000000000015da1      0x1d0 ./Core/Src/main.o
 .debug_macro   0x0000000000015f71      0x1b2 ./Core/Src/stm32f1xx_hal_msp.o
 .debug_macro   0x0000000000016123      0x1bc ./Core/Src/stm32f1xx_it.o
 .debug_macro   0x00000000000162df      0x1a3 ./Core/Src/system_stm32f1xx.o
 .debug_macro   0x0000000000016482      0x1c7 ./Drivers/STM32F1xx_HAL_Driver/Src/stm32f1xx_hal.o
 .debug_macro   0x0000000000016649      0x1a3 ./Drivers/STM32F1xx_HAL_Driver/Src/stm32f1xx_hal_cortex.o
 .debug_macro   0x00000000000167ec      0x1a3 ./Drivers/STM32F1xx_HAL_Driver/Src/stm32f1xx_hal_dma.o
 .debug_macro   0x000000000001698f      0x20e ./Drivers/STM32F1xx_HAL_Driver/Src/stm32f1xx_hal_gpio.o
 .debug_macro   0x0000000000016b9d      0x1b5 ./Drivers/STM32F1xx_HAL_Driver/Src/stm32f1xx_hal_rcc.o
 .debug_macro   0x0000000000016d52      0x1a4 ./Drivers/STM32F1xx_HAL_Driver/Src/stm32f1xx_hal_tim.o
 .debug_macro   0x0000000000016ef6      0x1a3 ./Drivers/STM32F1xx_HAL_Driver/Src/stm32f1xx_hal_tim_ex.o
 .debug_macro   0x0000000000017099      0x1a4 ./Drivers/STM32F1xx_HAL_Driver/Src/stm32f1xx_hal_uart.o

.debug_line     0x0000000000000000     0xec82
 .debug_line    0x0000000000000000      0x941 ./Core/Src/Park.o
 .debug_line    0x0000000000000941      0x73d ./Core/Src/Sensor.o
 .debug_line    0x000000000000107e      0x953 ./Core/Src/lcd.o
 .debug_line    0x00000000000019d1      0x8e9 ./Core/Src/main.o
 .debug_line    0x00000000000022ba      0x7fa ./Core/Src/stm32f1xx_hal_msp.o
 .debug_line    0x0000000000002ab4      0x7f7 ./Core/Src/stm32f1xx_it.o
 .debug_line    0x00000000000032ab      0x783 ./Core/Src/system_stm32f1xx.o
 .debug_line    0x0000000000003a2e       0x78 ./Core/Startup/startup_stm32f103c8tx.o
 .debug_line    0x0000000000003aa6      0x9b0 ./Drivers/STM32F1xx_HAL_Driver/Src/stm32f1xx_hal.o
 .debug_line    0x0000000000004456      0xb98 ./Drivers/STM32F1xx_HAL_Driver/Src/stm32f1xx_hal_cortex.o
 .debug_line    0x0000000000004fee      0xe09 ./Drivers/STM32F1xx_HAL_Driver/Src/stm32f1xx_hal_dma.o
 .debug_line    0x0000000000005df7      0xa49 ./Drivers/STM32F1xx_HAL_Driver/Src/stm32f1xx_hal_gpio.o
 .debug_line    0x0000000000006840      0xdb9 ./Drivers/STM32F1xx_HAL_Driver/Src/stm32f1xx_hal_rcc.o
 .debug_line    0x00000000000075f9     0x349c ./Drivers/STM32F1xx_HAL_Driver/Src/stm32f1xx_hal_tim.o
 .debug_line    0x000000000000aa95     0x190f ./Drivers/STM32F1xx_HAL_Driver/Src/stm32f1xx_hal_tim_ex.o
 .debug_line    0x000000000000c3a4     0x28de ./Drivers/STM32F1xx_HAL_Driver/Src/stm32f1xx_hal_uart.o

.debug_str      0x0000000000000000    0x86bd8
 .debug_str     0x0000000000000000    0x83a67 ./Core/Src/Park.o
                                      0x83de5 (size before relaxing)
 .debug_str     0x0000000000083a67       0x59 ./Core/Src/Sensor.o
                                      0x838cf (size before relaxing)
 .debug_str     0x0000000000083ac0      0x307 ./Core/Src/lcd.o
                                      0x83e4b (size before relaxing)
 .debug_str     0x0000000000083dc7      0x45b ./Core/Src/main.o
                                      0x84496 (size before relaxing)
 .debug_str     0x0000000000084222      0x373 ./Core/Src/stm32f1xx_hal_msp.o
                                      0x8438d (size before relaxing)
 .debug_str     0x0000000000084595      0x101 ./Core/Src/stm32f1xx_it.o
                                      0x83d2a (size before relaxing)
 .debug_str     0x0000000000084696       0x7e ./Core/Src/system_stm32f1xx.o
                                      0x835f4 (size before relaxing)
 .debug_str     0x0000000000084714       0x34 ./Core/Startup/startup_stm32f103c8tx.o
                                         0x57 (size before relaxing)
 .debug_str     0x0000000000084748      0x384 ./Drivers/STM32F1xx_HAL_Driver/Src/stm32f1xx_hal.o
                                      0x83d27 (size before relaxing)
 .debug_str     0x0000000000084acc      0x294 ./Drivers/STM32F1xx_HAL_Driver/Src/stm32f1xx_hal_cortex.o
                                      0x83c73 (size before relaxing)
 .debug_str     0x0000000000084d60      0x235 ./Drivers/STM32F1xx_HAL_Driver/Src/stm32f1xx_hal_dma.o
                                      0x8399d (size before relaxing)
 .debug_str     0x0000000000084f95      0x2d0 ./Drivers/STM32F1xx_HAL_Driver/Src/stm32f1xx_hal_gpio.o
                                      0x8397a (size before relaxing)
 .debug_str     0x0000000000085265      0x229 ./Drivers/STM32F1xx_HAL_Driver/Src/stm32f1xx_hal_rcc.o
                                      0x83a23 (size before relaxing)
 .debug_str     0x000000000008548e      0xcf2 ./Drivers/STM32F1xx_HAL_Driver/Src/stm32f1xx_hal_tim.o
                                      0x84a15 (size before relaxing)
 .debug_str     0x0000000000086180      0x493 ./Drivers/STM32F1xx_HAL_Driver/Src/stm32f1xx_hal_tim_ex.o
                                      0x84231 (size before relaxing)
 .debug_str     0x0000000000086613      0x5c5 ./Drivers/STM32F1xx_HAL_Driver/Src/stm32f1xx_hal_uart.o
                                      0x84094 (size before relaxing)

.debug_frame    0x0000000000000000     0x33fc
 .debug_frame   0x0000000000000000       0xb8 ./Core/Src/Park.o
 .debug_frame   0x00000000000000b8       0x2c ./Core/Src/Sensor.o
 .debug_frame   0x00000000000000e4      0x15c ./Core/Src/lcd.o
 .debug_frame   0x0000000000000240       0xe8 ./Core/Src/main.o
 .debug_frame   0x0000000000000328       0xf4 ./Core/Src/stm32f1xx_hal_msp.o
 .debug_frame   0x000000000000041c      0x13c ./Core/Src/stm32f1xx_it.o
 .debug_frame   0x0000000000000558       0x58 ./Core/Src/system_stm32f1xx.o
 .debug_frame   0x00000000000005b0      0x334 ./Drivers/STM32F1xx_HAL_Driver/Src/stm32f1xx_hal.o
 .debug_frame   0x00000000000008e4      0x428 ./Drivers/STM32F1xx_HAL_Driver/Src/stm32f1xx_hal_cortex.o
 .debug_frame   0x0000000000000d0c      0x208 ./Drivers/STM32F1xx_HAL_Driver/Src/stm32f1xx_hal_dma.o
 .debug_frame   0x0000000000000f14      0x14c ./Drivers/STM32F1xx_HAL_Driver/Src/stm32f1xx_hal_gpio.o
 .debug_frame   0x0000000000001060      0x218 ./Drivers/STM32F1xx_HAL_Driver/Src/stm32f1xx_hal_rcc.o
 .debug_frame   0x0000000000001278     0x11bc ./Drivers/STM32F1xx_HAL_Driver/Src/stm32f1xx_hal_tim.o
 .debug_frame   0x0000000000002434      0x638 ./Drivers/STM32F1xx_HAL_Driver/Src/stm32f1xx_hal_tim_ex.o
 .debug_frame   0x0000000000002a6c      0x944 ./Drivers/STM32F1xx_HAL_Driver/Src/stm32f1xx_hal_uart.o
 .debug_frame   0x00000000000033b0       0x20 C:/ST/STM32CubeIDE_1.14.0/STM32CubeIDE/plugins/com.st.stm32cube.ide.mcu.externaltools.gnu-tools-for-stm32.11.3.rel1.win32_1.1.100.202309141235/tools/bin/../lib/gcc/arm-none-eabi/11.3.1/../../../../arm-none-eabi/lib/thumb/v7-m/nofp\libc_nano.a(libc_a-memset.o)
 .debug_frame   0x00000000000033d0       0x2c C:/ST/STM32CubeIDE_1.14.0/STM32CubeIDE/plugins/com.st.stm32cube.ide.mcu.externaltools.gnu-tools-for-stm32.11.3.rel1.win32_1.1.100.202309141235/tools/bin/../lib/gcc/arm-none-eabi/11.3.1/../../../../arm-none-eabi/lib/thumb/v7-m/nofp\libc_nano.a(libc_a-init.o)

.debug_line_str
                0x0000000000000000       0x4b
 .debug_line_str
                0x0000000000000000       0x4b ./Core/Startup/startup_stm32f103c8tx.o
                                         0x63 (size before relaxing)
